[    1134ms] [VERBOSE] [DOM] Input elements should have autocomplete attributes (suggested: "current-password"): (More info: https://goo.gl/9p2vKq) %o @ https://www.instagram.com/:0
[    1662ms] [INFO] Banner not shown: beforeinstallpromptevent.preventDefault() called. The page must call beforeinstallpromptevent.prompt() to show the banner. @ https://www.instagram.com/:0
[    1665ms] [LOG] 
%cEspere! font-family:helvetica; font-size:20px; font-size:50px; font-weight:bold; color:red; -webkit-text-stroke:1px black; @ https://static.cdninstagram.com/rsrc.php/v4iHHs4/yI/l/pt_BR/RRkctfYNiVN.js:8
[    1665ms] [LOG] 
%cEste é um recurso de navegador voltado para desenvolvedores. Se uma pessoa disse para você copiar e colar algo aqui para ativar um recurso do Instagram ou "invadir" a conta de outra pessoa, isso é uma fraude e você dará a ela acesso à sua conta. font-family:helvetica; font-size:20px;  @ https://static.cdninstagram.com/rsrc.php/v4iHHs4/yI/l/pt_BR/RRkctfYNiVN.js:8
[    1665ms] [LOG] 
%cConsulte https://www.facebook.com/selfxss para mais informações. font-family:helvetica; font-size:20px;  @ https://static.cdninstagram.com/rsrc.php/v4iHHs4/yI/l/pt_BR/RRkctfYNiVN.js:8
[    1665ms] [LOG] 
%c  @ https://static.cdninstagram.com/rsrc.php/v4iHHs4/yI/l/pt_BR/RRkctfYNiVN.js:8
[   14311ms] [ERROR] ErrorUtils caught an error:

Missing cryptedUid for successful web login

Subsequent non-fatal errors won't be logged; see https://fburl.com/debugjs. {column: 17878, clientTime: 1786459679, extra: Object, guardList: Array(1), hash: 3whrzm} @ https://static.cdninstagram.com/rsrc.php/v4/yf/r/9x17M2EjDHh.js:79
[   14951ms] [LOG] 
%cEspere! font-family:helvetica; font-size:20px; font-size:50px; font-weight:bold; color:red; -webkit-text-stroke:1px black; @ https://static.cdninstagram.com/rsrc.php/v4/yf/r/9x17M2EjDHh.js:246
[   14951ms] [LOG] 
%cEste é um recurso de navegador voltado para desenvolvedores. Se uma pessoa disse para você copiar e colar algo aqui para ativar um recurso do Instagram ou "invadir" a conta de outra pessoa, isso é uma fraude e você dará a ela acesso à sua conta. font-family:helvetica; font-size:20px;  @ https://static.cdninstagram.com/rsrc.php/v4/yf/r/9x17M2EjDHh.js:246
[   14951ms] [LOG] 
%cConsulte https://www.facebook.com/selfxss para mais informações. font-family:helvetica; font-size:20px;  @ https://static.cdninstagram.com/rsrc.php/v4/yf/r/9x17M2EjDHh.js:246
[   14951ms] [LOG] 
%c  @ https://static.cdninstagram.com/rsrc.php/v4/yf/r/9x17M2EjDHh.js:246
[   14954ms] [INFO] Banner not shown: beforeinstallpromptevent.preventDefault() called. The page must call beforeinstallpromptevent.prompt() to show the banner. @ https://www.instagram.com/auth_platform/recaptcha/?apc=Q8HeCgMcgs8xzly7gPoBk4RL-ebFk8f-vUqp5cDnkutdWSJr9LezGjlva8xbn3MUuKyDMUhY6YRgAMXn1tek46A5JPmdGBLT0qQ4VendXAPnTG9B_cK_lLPTBpfIXWTQGzI_ll_gvlOq2deRvew_X-AbFuwB3p2V-w4VmjBvZeeFQJ-TawPtGUBkFFBwoEE0VqkbT05JBdJ5l4FxRqSs_Xz73-g6gej2aA_SPg8iFCidDCLOHsrKasH4QUmSZVSwdtKBi916VMt_fLHMgCt2_tqtvj5_kxh_COOM0sR6NK9ikHlY4Uwp60cMUtjBspn6A8hLnnPoWWfUxVqUZavhXtQ_bTfDken-N4xMlLo_Qi9R_WP1xYPC9XenyKtk0yV1GT64QWOQkKOt1kLECDDJlc-CwKHzcjmb9iTaO2Kv2-8AjdJjpoOvI0t1fVhm8ooGCcqR_h68qHVPq-qbdxR7WyOZPIiB61YHNGRKhPBPVjPBZUDLD219HyjmH0fd8iH_hcRAUMEnkWsS4C1hZg90JAXE9quMwCM9Q0V2vnxXnE_ccaX1EnFyMudsBWspwAKJoqxNT3a2v4r4-WBMQ83VUOcmJcs4Qbv8ur-WUebYLhXr7B1GMaHKpsnAsnxuCehfZi7cfX15jzkXzNApTwbzLiD72yDtFIa6DKwQrj4xgzUK0RefAE63XUZt7ejms7ewlkaW8_kkBarE-EmTJkgoHFvUH9lhz22fUHp1a7G8sIEA2tPgBeEPFzt9XCXTg2DkgQnfcQSlwq_-ULGE2TuA7V5KxNprdbdZCG6p0dBZlRJ2yRfkJatTu08ErFVp7LNn_gbGeMPq4Son-ebNukvAw5XwTlt3B4PPbopb8Tri0cIPiGqlX1mxn-pIt6_dlCWVtFwKUQ73v97adLGgW7-9Zi_SqKZO3Y3C0Nk2SGtIv-ut_Z94m7pokT1uut7zTSk3sdPuc78EoFa68wXmkqIFjHCuBm9BIKnBJ-D1gf2qyN_r4AanGsxXuODNr7Efs7FqeMwHORtMyFgXq9Et4yDUaBTN12in5IBPZXPBsDUrHKb3tlpO4s_t4GeAN4zDiinNiKo_CJrVX-muE9PjR6ARuQ8OMKz0ILAFEDPBzLXn8STaFTjheDAEgfsIv8FeeYDPv6tgEbukCOeAtZWh5O1063cOcYZkpq88McI06wX5noeuieoJwrexGtYAUHnwYYbezPg6tucfkTa60OxuOJ_33O9Zi4odxISiWsP40hciKHNH84h2I5LtZ5eNTp7K1F0Vjw19IAddXXMNwprKhBFC8Tlenm5_GhV29SUjyuh-Cz3DIBrW2Lp_gPeb3RpS3_JaKRmUxTYDdWDHYg5weDHfMCB-pbBcTNgCYgQu75ZbvVPwGgBnjLoVpqR3ATAmDGr3BGmjpUd8t7sdKbMZGy0fudhh04qtdNQWW8I8yAl9oC8mosOUDZpvJjFgt-SZx0HcLiX5t_L96PYRWHnZ8Y3yQkicLGgWV-PcAJIIePJTaUiafvIxC7fdN2yTg5u78SlogjDOL5e3wAruY4jUTwrxreGR_eODwxDRX8qbF65V7yIBiTHmRA9rf0VQQedY7OaIYMAJQwciBPz31pTiUG9hiY_MsHnmBFwx7cui9X-ytKM4R6e9chRxNB3TaThjlb8_QA7VLcAOcexQBkziaqHWXAPRDF9j7keFQQx4haYc9HtttwQQjb0Yv99SwnA9kFuaDVJ-UR1bS7Eyk9UMjzvzMfrMjATS8jMciCqtmgIXWRn-5tArMd_AHuIbiYGmXoGZ2bVejJ6WeuXPRZN3fhHCbAuSxQoBqDvHqwnZeo1aIUHg1-fszREQ_kCat04Od1LosPKQwM9SWTTcUYekZSBlNnqxZIG8xwOFs4FcXCYL48mKc0wMyETHUxKp7d4v5diDaAiLP7TeI1TSs3QCAczblHBWR3KtpD_6h4dooY-RcFChL5eg_lkNLMkdQJxSS919ivy5-_Ez1QUPhMElf_RLSevPhnmXEjtm6_2Ny2IsPSiGmXMS8hIiyeTtOAbCcbVoIZJ53Yfglh3gUfmkbuGWWplmPk37bz9pofTSH4obVgy1qXQLEmrUAbogXP1_B6-ZnzrQlE1m8Lp0HFLGPKpcRCPHXdDjnn4A8oIsGjgKCXlLpiYy81mNtpKF_YZcwc0MBt2dHx4i8MZiEOv3YnHsBXAsxCjsk-aupZ-I6drAGHdlSAkgXKZqH4L_1RlVf4rBgl3xd3uSUH2qvHYVegTDD89qRE3nMxUXymdXSklnspe_guyoF0DDTFNkoXt73k9w7ybYGUi8V4iXbZIIjax-byg_fNWRq6VQwkVEaJihl9jRKhNftdifVQEsnrfQ_K2tHAUoRjXs9AZznLI1k__EYN3OEWxXOKyWPf8rXRWiqRJeJ5WPvlu9YznlYacA1j5E0XfXwY52TpZnAiWq6SCz3NJcw-9HLm8y5gpNxiNsWX2jrRK-zaB1IlaYn902lF-45mAmpHZg_ZxiY6gpOluY0K9ptPo5I2bysC8FKSfURLv_yRhwBN8j10PYUumF-a2QZFNnMXI1NDio3HPthuCzBadL-BP7HW0HjrBCTZY0jPnd9lVjIOT6VJ6WbLezcAoUS-M8Qc97W6otkZta8EF1Uk1-12MAcOO5gkfloXNy9HFxxf5Ga4NsVwoXa9tHUrHOUWcYhh-Z95PuIynZcrguMnTr8BNu%7Capas&device_id=ans2EQAEAAGEtUUFQZxDFxssNUWn&use_instrumented_renderer=1:0
[   15658ms] [ERROR] Permissions policy violation: unload is not allowed in this document. @ https://static.xx.fbcdn.net/rsrc.php/v4/yv/r/_hdXQSlDR2A.js:327
[   25060ms] [LOG] 
%cEspere! font-family:helvetica; font-size:20px; font-size:50px; font-weight:bold; color:red; -webkit-text-stroke:1px black; @ https://static.cdninstagram.com/rsrc.php/v4/yf/r/9x17M2EjDHh.js:246
[   25060ms] [LOG] 
%cEste é um recurso de navegador voltado para desenvolvedores. Se uma pessoa disse para você copiar e colar algo aqui para ativar um recurso do Instagram ou "invadir" a conta de outra pessoa, isso é uma fraude e você dará a ela acesso à sua conta. font-family:helvetica; font-size:20px;  @ https://static.cdninstagram.com/rsrc.php/v4/yf/r/9x17M2EjDHh.js:246
[   25060ms] [LOG] 
%cConsulte https://www.facebook.com/selfxss para mais informações. font-family:helvetica; font-size:20px;  @ https://static.cdninstagram.com/rsrc.php/v4/yf/r/9x17M2EjDHh.js:246
[   25060ms] [LOG] 
%c  @ https://static.cdninstagram.com/rsrc.php/v4/yf/r/9x17M2EjDHh.js:246
[   25308ms] [INFO] Banner not shown: beforeinstallpromptevent.preventDefault() called. The page must call beforeinstallpromptevent.prompt() to show the banner. @ https://www.instagram.com/accounts/onetap/:0
[   28572ms] [LOG] 
%cEspere! font-family:helvetica; font-size:20px; font-size:50px; font-weight:bold; color:red; -webkit-text-stroke:1px black; @ https://static.cdninstagram.com/rsrc.php/v4/yf/r/9x17M2EjDHh.js:246
[   28572ms] [LOG] 
%cEste é um recurso de navegador voltado para desenvolvedores. Se uma pessoa disse para você copiar e colar algo aqui para ativar um recurso do Instagram ou "invadir" a conta de outra pessoa, isso é uma fraude e você dará a ela acesso à sua conta. font-family:helvetica; font-size:20px;  @ https://static.cdninstagram.com/rsrc.php/v4/yf/r/9x17M2EjDHh.js:246
[   28572ms] [LOG] 
%cConsulte https://www.facebook.com/selfxss para mais informações. font-family:helvetica; font-size:20px;  @ https://static.cdninstagram.com/rsrc.php/v4/yf/r/9x17M2EjDHh.js:246
[   28572ms] [LOG] 
%c  @ https://static.cdninstagram.com/rsrc.php/v4/yf/r/9x17M2EjDHh.js:246
[   28934ms] [INFO] Banner not shown: beforeinstallpromptevent.preventDefault() called. The page must call beforeinstallpromptevent.prompt() to show the banner. @ https://www.instagram.com/:0
[   32281ms] [ERROR] Permissions policy violation: unload is not allowed in this document. @ https://static.xx.fbcdn.net/rsrc.php/v4/yf/r/9x17M2EjDHh.js:242
